Traceback (most recent call last):
  File "/home/runner/miniconda3/envs/pypsa-zambia-workshops/lib/python3.13/site-packages/jupyter_cache/executors/utils.py", line 58, in single_nb_execution
    executenb(
    ~~~~~~~~~^
        nb,
        ^^^
    ...<4 lines>...
        **kwargs,
        ^^^^^^^^^
    )
    ^
  File "/home/runner/miniconda3/envs/pypsa-zambia-workshops/lib/python3.13/site-packages/nbclient/client.py", line 1323, in execute
    return NotebookClient(nb=nb, resources=resources, km=km, **kwargs).execute()
           ~~~~~~~~~~~~~~~~~~~~~~~~~~~~~~~~~~~~~~~~~~~~~~~~~~~~~~~~~~~~~~~~~~~^^
  File "/home/runner/miniconda3/envs/pypsa-zambia-workshops/lib/python3.13/site-packages/jupyter_core/utils/__init__.py", line 165, in wrapped
    return loop.run_until_complete(inner)
           ~~~~~~~~~~~~~~~~~~~~~~~^^^^^^^
  File "/home/runner/miniconda3/envs/pypsa-zambia-workshops/lib/python3.13/asyncio/base_events.py", line 725, in run_until_complete
    return future.result()
           ~~~~~~~~~~~~~^^
  File "/home/runner/miniconda3/envs/pypsa-zambia-workshops/lib/python3.13/site-packages/nbclient/client.py", line 709, in async_execute
    await self.async_execute_cell(
        cell, index, execution_count=self.code_cells_executed + 1
    )
  File "/home/runner/miniconda3/envs/pypsa-zambia-workshops/lib/python3.13/site-packages/nbclient/client.py", line 1062, in async_execute_cell
    await self._check_raise_for_error(cell, cell_index, exec_reply)
  File "/home/runner/miniconda3/envs/pypsa-zambia-workshops/lib/python3.13/site-packages/nbclient/client.py", line 918, in _check_raise_for_error
    raise CellExecutionError.from_cell_and_msg(cell, exec_reply_content)
nbclient.exceptions.CellExecutionError: An error occurred while executing the following cell:
------------------
#import pandas as pd
import pypsa
#pypsa.options.params.optimize.include_objective_constant = True
------------------


[31m---------------------------------------------------------------------------[39m
[31mModuleNotFoundError[39m                       Traceback (most recent call last)
[36mCell[39m[36m [39m[32mIn[2][39m[32m, line 2[39m
[32m      1[39m [38;5;66;03m#import pandas as pd[39;00m
[32m----> [39m[32m2[39m [38;5;28;01mimport[39;00m pypsa
[32m      3[39m [38;5;66;03m#pypsa.options.params.optimize.include_objective_constant = True[39;00m

[36mFile [39m[32m~/miniconda3/envs/pypsa-zambia-workshops/lib/python3.13/site-packages/pypsa/__init__.py:21[39m
[32m     13[39m __copyright__ = (
[32m     14[39m     [33m"[39m[33mCopyright 2015-2025 PyPSA Developers, see https://docs.pypsa.org/latest/contributing/contributors.html, [39m[33m"[39m
[32m     15[39m     [33m"[39m[33mMIT License[39m[33m"[39m
[32m     16[39m )
[32m     19[39m [38;5;28;01mfrom[39;00m[38;5;250m [39m[34;01mtyping[39;00m[38;5;250m [39m[38;5;28;01mimport[39;00m NoReturn
[32m---> [39m[32m21[39m [38;5;28;01mfrom[39;00m[38;5;250m [39m[34;01mpypsa[39;00m[38;5;250m [39m[38;5;28;01mimport[39;00m (
[32m     22[39m     clustering,
[32m     23[39m     common,
[32m     24[39m     components,
[32m     25[39m     costs,
[32m     26[39m     descriptors,
[32m     27[39m     examples,
[32m     28[39m     geo,
[32m     29[39m     optimization,
[32m     30[39m     plot,
[32m     31[39m     statistics,
[32m     32[39m )
[32m     33[39m [38;5;28;01mfrom[39;00m[38;5;250m [39m[34;01mpypsa[39;00m[34;01m.[39;00m[34;01m_options[39;00m[38;5;250m [39m[38;5;28;01mimport[39;00m (
[32m     34[39m     option_context,
[32m     35[39m     options,
[32m     36[39m )
[32m     37[39m [38;5;28;01mfrom[39;00m[38;5;250m [39m[34;01mpypsa[39;00m[34;01m.[39;00m[34;01mcollection[39;00m[38;5;250m [39m[38;5;28;01mimport[39;00m NetworkCollection

[36mFile [39m[32m~/miniconda3/envs/pypsa-zambia-workshops/lib/python3.13/site-packages/pypsa/examples.py:19[39m
[32m     16[39m [38;5;28;01mfrom[39;00m[38;5;250m [39m[34;01mplatformdirs[39;00m[38;5;250m [39m[38;5;28;01mimport[39;00m user_cache_dir
[32m     18[39m [38;5;28;01mfrom[39;00m[38;5;250m [39m[34;01mpypsa[39;00m[34;01m.[39;00m[34;01m_options[39;00m[38;5;250m [39m[38;5;28;01mimport[39;00m options
[32m---> [39m[32m19[39m [38;5;28;01mfrom[39;00m[38;5;250m [39m[34;01mpypsa[39;00m[34;01m.[39;00m[34;01mnetworks[39;00m[38;5;250m [39m[38;5;28;01mimport[39;00m Network
[32m     20[39m [38;5;28;01mfrom[39;00m[38;5;250m [39m[34;01mpypsa[39;00m[34;01m.[39;00m[34;01mversion[39;00m[38;5;250m [39m[38;5;28;01mimport[39;00m __version_base__
[32m     22[39m logger = logging.getLogger([34m__name__[39m)

[36mFile [39m[32m~/miniconda3/envs/pypsa-zambia-workshops/lib/python3.13/site-packages/pypsa/networks.py:29[39m
[32m     25[39m     [38;5;28;01mfrom[39;00m[38;5;250m [39m[34;01mpathlib[39;00m[38;5;250m [39m[38;5;28;01mimport[39;00m Path
[32m     27[39m [38;5;28;01mimport[39;00m[38;5;250m [39m[34;01mfunctools[39;00m
[32m---> [39m[32m29[39m [38;5;28;01mimport[39;00m[38;5;250m [39m[34;01mlinopy[39;00m
[32m     30[39m [38;5;28;01mimport[39;00m[38;5;250m [39m[34;01mnumpy[39;00m[38;5;250m [39m[38;5;28;01mas[39;00m[38;5;250m [39m[34;01mnp[39;00m
[32m     31[39m [38;5;28;01mimport[39;00m[38;5;250m [39m[34;01mpandas[39;00m[38;5;250m [39m[38;5;28;01mas[39;00m[38;5;250m [39m[34;01mpd[39;00m

[36mFile [39m[32m~/miniconda3/envs/pypsa-zambia-workshops/lib/python3.13/site-packages/linopy/__init__.py:21[39m
[32m     19[39m [38;5;28;01mfrom[39;00m[38;5;250m [39m[34;01mlinopy[39;00m[34;01m.[39;00m[34;01mexpressions[39;00m[38;5;250m [39m[38;5;28;01mimport[39;00m LinearExpression, QuadraticExpression, merge
[32m     20[39m [38;5;28;01mfrom[39;00m[38;5;250m [39m[34;01mlinopy[39;00m[34;01m.[39;00m[34;01mio[39;00m[38;5;250m [39m[38;5;28;01mimport[39;00m read_netcdf
[32m---> [39m[32m21[39m [38;5;28;01mfrom[39;00m[38;5;250m [39m[34;01mlinopy[39;00m[34;01m.[39;00m[34;01mmodel[39;00m[38;5;250m [39m[38;5;28;01mimport[39;00m Model, Variable, Variables, available_solvers
[32m     22[39m [38;5;28;01mfrom[39;00m[38;5;250m [39m[34;01mlinopy[39;00m[34;01m.[39;00m[34;01mobjective[39;00m[38;5;250m [39m[38;5;28;01mimport[39;00m Objective
[32m     23[39m [38;5;28;01mfrom[39;00m[38;5;250m [39m[34;01mlinopy[39;00m[34;01m.[39;00m[34;01mremote[39;00m[38;5;250m [39m[38;5;28;01mimport[39;00m OetcHandler, RemoteHandler

[36mFile [39m[32m~/miniconda3/envs/pypsa-zambia-workshops/lib/python3.13/site-packages/linopy/model.py:63[39m
[32m     61[39m [38;5;28;01mfrom[39;00m[38;5;250m [39m[34;01mlinopy[39;00m[34;01m.[39;00m[34;01mmatrices[39;00m[38;5;250m [39m[38;5;28;01mimport[39;00m MatrixAccessor
[32m     62[39m [38;5;28;01mfrom[39;00m[38;5;250m [39m[34;01mlinopy[39;00m[34;01m.[39;00m[34;01mobjective[39;00m[38;5;250m [39m[38;5;28;01mimport[39;00m Objective
[32m---> [39m[32m63[39m [38;5;28;01mfrom[39;00m[38;5;250m [39m[34;01mlinopy[39;00m[34;01m.[39;00m[34;01mremote[39;00m[38;5;250m [39m[38;5;28;01mimport[39;00m OetcHandler, RemoteHandler
[32m     64[39m [38;5;28;01mfrom[39;00m[38;5;250m [39m[34;01mlinopy[39;00m[34;01m.[39;00m[34;01msolver_capabilities[39;00m[38;5;250m [39m[38;5;28;01mimport[39;00m SolverFeature, solver_supports
[32m     65[39m [38;5;28;01mfrom[39;00m[38;5;250m [39m[34;01mlinopy[39;00m[34;01m.[39;00m[34;01msolvers[39;00m[38;5;250m [39m[38;5;28;01mimport[39;00m (
[32m     66[39m     IO_APIS,
[32m     67[39m     available_solvers,
[32m     68[39m )

[36mFile [39m[32m~/miniconda3/envs/pypsa-zambia-workshops/lib/python3.13/site-packages/linopy/remote/__init__.py:11[39m
[32m      1[39m [33;03m"""[39;00m
[32m      2[39m [33;03mRemote execution handlers for linopy models.[39;00m
[32m      3[39m 
[32m   (...)[39m[32m      8[39m [33;03m- OetcHandler: Cloud-based execution via OET Cloud service[39;00m
[32m      9[39m [33;03m"""[39;00m
[32m---> [39m[32m11[39m [38;5;28;01mfrom[39;00m[38;5;250m [39m[34;01mlinopy[39;00m[34;01m.[39;00m[34;01mremote[39;00m[34;01m.[39;00m[34;01moetc[39;00m[38;5;250m [39m[38;5;28;01mimport[39;00m OetcCredentials, OetcHandler, OetcSettings
[32m     12[39m [38;5;28;01mfrom[39;00m[38;5;250m [39m[34;01mlinopy[39;00m[34;01m.[39;00m[34;01mremote[39;00m[34;01m.[39;00m[34;01mssh[39;00m[38;5;250m [39m[38;5;28;01mimport[39;00m RemoteHandler
[32m     14[39m __all__ = [
[32m     15[39m     [33m"[39m[33mRemoteHandler[39m[33m"[39m,
[32m     16[39m     [33m"[39m[33mOetcHandler[39m[33m"[39m,
[32m     17[39m     [33m"[39m[33mOetcSettings[39m[33m"[39m,
[32m     18[39m     [33m"[39m[33mOetcCredentials[39m[33m"[39m,
[32m     19[39m ]

[36mFile [39m[32m~/miniconda3/envs/pypsa-zambia-workshops/lib/python3.13/site-packages/linopy/remote/oetc.py:13[39m
[32m     10[39m [38;5;28;01mfrom[39;00m[38;5;250m [39m[34;01menum[39;00m[38;5;250m [39m[38;5;28;01mimport[39;00m Enum
[32m     12[39m [38;5;28;01mimport[39;00m[38;5;250m [39m[34;01mrequests[39;00m
[32m---> [39m[32m13[39m [38;5;28;01mfrom[39;00m[38;5;250m [39m[34;01mgoogle[39;00m[34;01m.[39;00m[34;01mcloud[39;00m[38;5;250m [39m[38;5;28;01mimport[39;00m storage
[32m     14[39m [38;5;28;01mfrom[39;00m[38;5;250m [39m[34;01mgoogle[39;00m[34;01m.[39;00m[34;01moauth2[39;00m[38;5;250m [39m[38;5;28;01mimport[39;00m service_account
[32m     15[39m [38;5;28;01mfrom[39;00m[38;5;250m [39m[34;01mrequests[39;00m[38;5;250m [39m[38;5;28;01mimport[39;00m RequestException

[36mFile [39m[32m~/miniconda3/envs/pypsa-zambia-workshops/lib/python3.13/site-packages/google/cloud/storage/__init__.py:35[39m
[32m      1[39m [38;5;66;03m# Copyright 2014 Google LLC[39;00m
[32m      2[39m [38;5;66;03m#[39;00m
[32m      3[39m [38;5;66;03m# Licensed under the Apache License, Version 2.0 (the "License");[39;00m
[32m   (...)[39m[32m     12[39m [38;5;66;03m# See the License for the specific language governing permissions and[39;00m
[32m     13[39m [38;5;66;03m# limitations under the License.[39;00m
[32m     15[39m [33;03m"""Shortcut methods for getting set up with Google Cloud Storage.[39;00m
[32m     16[39m 
[32m     17[39m [33;03mYou'll typically use these to get started with the API:[39;00m
[32m   (...)[39m[32m     31[39m [33;03m  machine).[39;00m
[32m     32[39m [33;03m"""[39;00m
[32m---> [39m[32m35[39m [38;5;28;01mfrom[39;00m[38;5;250m [39m[34;01mpkg_resources[39;00m[38;5;250m [39m[38;5;28;01mimport[39;00m get_distribution
[32m     37[39m __version__ = get_distribution([33m"[39m[33mgoogle-cloud-storage[39m[33m"[39m).version
[32m     39[39m [38;5;28;01mfrom[39;00m[38;5;250m [39m[34;01mgoogle[39;00m[34;01m.[39;00m[34;01mcloud[39;00m[34;01m.[39;00m[34;01mstorage[39;00m[34;01m.[39;00m[34;01mbatch[39;00m[38;5;250m [39m[38;5;28;01mimport[39;00m Batch

[31mModuleNotFoundError[39m: No module named 'pkg_resources'

