Traceback (most recent call last):
  File "/home/runner/miniconda3/envs/pypsa-zambia-workshops/lib/python3.13/site-packages/jupyter_cache/executors/utils.py", line 58, in single_nb_execution
    executenb(
    ~~~~~~~~~^
        nb,
        ^^^
    ...<4 lines>...
        **kwargs,
        ^^^^^^^^^
    )
    ^
  File "/home/runner/miniconda3/envs/pypsa-zambia-workshops/lib/python3.13/site-packages/nbclient/client.py", line 1323, in execute
    return NotebookClient(nb=nb, resources=resources, km=km, **kwargs).execute()
           ~~~~~~~~~~~~~~~~~~~~~~~~~~~~~~~~~~~~~~~~~~~~~~~~~~~~~~~~~~~~~~~~~~~^^
  File "/home/runner/miniconda3/envs/pypsa-zambia-workshops/lib/python3.13/site-packages/jupyter_core/utils/__init__.py", line 165, in wrapped
    return loop.run_until_complete(inner)
           ~~~~~~~~~~~~~~~~~~~~~~~^^^^^^^
  File "/home/runner/miniconda3/envs/pypsa-zambia-workshops/lib/python3.13/asyncio/base_events.py", line 726, in run_until_complete
    return future.result()
           ~~~~~~~~~~~~~^^
  File "/home/runner/miniconda3/envs/pypsa-zambia-workshops/lib/python3.13/site-packages/nbclient/client.py", line 709, in async_execute
    await self.async_execute_cell(
        cell, index, execution_count=self.code_cells_executed + 1
    )
  File "/home/runner/miniconda3/envs/pypsa-zambia-workshops/lib/python3.13/site-packages/nbclient/client.py", line 1062, in async_execute_cell
    await self._check_raise_for_error(cell, cell_index, exec_reply)
  File "/home/runner/miniconda3/envs/pypsa-zambia-workshops/lib/python3.13/site-packages/nbclient/client.py", line 918, in _check_raise_for_error
    raise CellExecutionError.from_cell_and_msg(cell, exec_reply_content)
nbclient.exceptions.CellExecutionError: An error occurred while executing the following cell:
------------------
network_path = os.path.join(
    PARENT, "results", scenario_subpath, "networks", "elec_s_10_ec_lcopt_3h.nc"
)
n = pypsa.Network(network_path)
------------------

----- stderr -----
/home/runner/miniconda3/envs/pypsa-zambia-workshops/lib/python3.13/site-packages/pypsa/network/io.py:2082: FutureWarning: pandas infers the `str` dtype for string data since its version 3.0. PyPSA still converts it back to numpy object dtype on import, but will keep it from PyPSA 2.0 on. Set `pypsa.options.api.legacy_string_dtype` explicitly to suppress this warning.
  new_static = _coerce_string_dtypes(new_static)
------------------

[31m---------------------------------------------------------------------------[39m
[31mFileNotFoundError[39m                         Traceback (most recent call last)
[36mCell[39m[36m [39m[32mIn[6][39m[32m, line 4[39m
[32m      1[39m network_path = os.path.join(
[32m      2[39m     PARENT, [33m"results"[39m, scenario_subpath, [33m"networks"[39m, [33m"elec_s_10_ec_lcopt_3h.nc"[39m
[32m      3[39m )
[32m----> [39m[32m4[39m n = pypsa.Network(network_path)

[36mFile [39m[32m~/miniconda3/envs/pypsa-zambia-workshops/lib/python3.13/site-packages/pypsa/networks.py:200[39m, in [36mNetwork.__init__[39m[34m(self, import_name, name, ignore_standard_types, **kwargs)[39m
[32m    198[39m     [38;5;28mself[39m.import_from_hdf5(import_name)
[32m    199[39m [38;5;28;01melif[39;00m [38;5;28mstr[39m(import_name).endswith([33m"[39m[33m.nc[39m[33m"[39m):
[32m--> [39m[32m200[39m     [30;43mself[39;49m[30;43m.[39;49m[30;43mimport_from_netcdf[39;49m[30;43m([39;49m[30;43mimport_name[39;49m[30;43m)[39;49m
[32m    201[39m [38;5;28;01melif[39;00m [38;5;28mstr[39m(import_name).endswith(([33m"[39m[33m.xls[39m[33m"[39m, [33m"[39m[33m.xlsx[39m[33m"[39m, [33m"[39m[33m.xlsm[39m[33m"[39m, [33m"[39m[33m.xlsb[39m[33m"[39m)):
[32m    202[39m     [38;5;28mself[39m.import_from_excel(import_name)

[36mFile [39m[32m~/miniconda3/envs/pypsa-zambia-workshops/lib/python3.13/site-packages/pypsa/network/io.py:1920[39m, in [36mNetworkIOMixin.import_from_netcdf[39m[34m(self, path, skip_time)[39m
[32m   1901[39m [38;5;250m[39m[33;03m"""Import network data from netCDF file or xarray Dataset at `path`.[39;00m
[32m   1902[39m 
[32m   1903[39m [33;03m`path` may also be a cloud object storage URI if cloudpathlib is installed.[39;00m
[32m   (...)[39m[32m   1917[39m 
[32m   1918[39m [33;03m"""[39;00m
[32m   1919[39m basename = [33m"[39m[33m"[39m [38;5;28;01mif[39;00m [38;5;28misinstance[39m(path, xr.Dataset) [38;5;28;01melse[39;00m Path(path).name
[32m-> [39m[32m1920[39m [38;5;28;01mwith[39;00m [30;43m_ImporterNetCDF[39;49m[30;43m([39;49m[30;43mpath[39;49m[30;43m=[39;49m[30;43mpath[39;49m[30;43m)[39;49m [38;5;28;01mas[39;00m importer:
[32m   1921[39m     [38;5;28mself[39m._import_from_importer(importer, basename=basename, skip_time=skip_time)

[36mFile [39m[32m~/miniconda3/envs/pypsa-zambia-workshops/lib/python3.13/site-packages/pypsa/network/io.py:1053[39m, in [36m_ImporterNetCDF.__init__[39m[34m(self, path)[39m
[32m   1051[39m         [38;5;28mself[39m.ds = _retrieve_from_url([38;5;28mstr[39m(path), _open_netcdf)
[32m   1052[39m     [38;5;28;01melse[39;00m:
[32m-> [39m[32m1053[39m         [38;5;28mself[39m.ds = [30;43m_open_netcdf[39;49m[30;43m([39;49m[30;43mPath[39;49m[30;43m([39;49m[30;43mpath[39;49m[30;43m)[39;49m[30;43m)[39;49m
[32m   1054[39m [38;5;28;01melse[39;00m:
[32m   1055[39m     [38;5;28mself[39m.ds = path

[36mFile [39m[32m~/miniconda3/envs/pypsa-zambia-workshops/lib/python3.13/site-packages/pypsa/network/io.py:1025[39m, in [36m_open_netcdf[39m[34m(path)[39m
[32m   1016[39m [38;5;250m[39m[33;03m"""Open a netCDF file, reading variable-length strings as object arrays.[39;00m
[32m   1017[39m 
[32m   1018[39m [33;03mxarray pads them to the longest entry and stores them as UTF-32, which[39;00m
[32m   (...)[39m[32m   1022[39m [33;03mreads the downloaded file instead of treating the URI as a remote URL.[39;00m
[32m   1023[39m [33;03m"""[39;00m
[32m   1024[39m local_path = os.fspath(path)
[32m-> [39m[32m1025[39m [38;5;28;01mwith[39;00m [30;43mnetCDF4[39;49m[30;43m.[39;49m[30;43mDataset[39;49m[30;43m([39;49m[30;43mlocal_path[39;49m[30;43m)[39;49m [38;5;28;01mas[39;00m nc:
[32m   1026[39m     strings = {
[32m   1027[39m         name: (var.dimensions, var[:])
[32m   1028[39m         [38;5;28;01mfor[39;00m name, var [38;5;129;01min[39;00m nc.variables.items()
[32m   1029[39m         [38;5;28;01mif[39;00m var.dtype == [38;5;28mstr[39m
[32m   1030[39m     }
[32m   1031[39m [38;5;28;01mreturn[39;00m xr.open_dataset(local_path, drop_variables=strings).assign(strings)

[36mFile [39m[32msrc/netCDF4/_netCDF4.pyx:2521[39m, in [36mnetCDF4._netCDF4.Dataset.__init__[39m[34m()[39m
[32m-> [39m[32m2521[39m [33m'Could not get source, probably due dynamically evaluated source code.'[39m

[36mFile [39m[32msrc/netCDF4/_netCDF4.pyx:2158[39m, in [36mnetCDF4._netCDF4._ensure_nc_success[39m[34m()[39m
[32m-> [39m[32m2158[39m [33m'Could not get source, probably due dynamically evaluated source code.'[39m

[31mFileNotFoundError[39m: [Errno 2] No such file or directory: '../results/cap_exp_zambia_2025/networks/elec_s_10_ec_lcopt_3h.nc'

